The ``7-base_geometry`` module
=========================

Using ``integer_validator``
---------------------

This is a text file to test the 7-base_geometry module.  First import
``integer_validator`` from the ``7-base_geometry`` module:

>>> BaseGeometry = __import__('7-base_geometry').BaseGeometry

Now Use with:

Send A none Integer Type
>>> BaseGeometry.integer_validator(BaseGeometry, "name", "John")
Traceback (most recent call last):
TypeError: name must be an integer

Send value = 0 to age
>>> BaseGeometry.integer_validator(BaseGeometry, "age", 0)
Traceback (most recent call last):
ValueError: age must be greater than 0

Send Negative value to distance
>>> BaseGeometry.integer_validator(BaseGeometry, "distance", -4)
Traceback (most recent call last):
ValueError: distance must be greater than 0

Send Valid Values
>>> BaseGeometry.integer_validator(BaseGeometry, "my_int", 12)

