The ``0-add_integer`` module
=========================

Using ``add_integer``
---------------------

This is a text file to test the 0-add_integer module.  First import
``add_integer`` from the ``0-add_integer`` module:

>>> add_integer = __import__('0-add_integer').add_integer

Now Use with:

Positive Integer numbers:
>>> add_integer(1, 2)
3

One Positive and One Negative Numbers
>>> add_integer(100, -2)
98

Just Send The value of a
>>> add_integer(2)
100

One positive float value and one negative integer
>>> add_integer(100.3, -2)
98

Send String Value For b
>>> add_integer(4, "School")
Traceback (most recent call last):
TypeError: b must be an integer

Send None Value as a
>>> add_integer(None)
Traceback (most recent call last):
TypeError: a must be in integer
