The ``3-say_my_name`` module
=========================

Using ``say_my_name``
---------------------

This is a text file to test the 3-say_my_name module.  First import
``say_my_name`` from the ``3-say_my_name`` module:

>>> say_my_name = __import__('3-say_my_name').say_my_name

Now Use with:

fisrt Name and Last Name are valid
>>> say_my_name("John", "Smith")
My name is John Smith

>>> say_my_name("Walter", "White")
My name is Walter White

First Name is not a string
>>> say_my_name(12, "White")
Traceback (most recent call last):
TypeError: first_name must be a string

Last Name is not a string
>>> say_my_name("White", 12)
Traceback (most recent call last):
TypeError: last_name must be a string

Dont send the Last Name Value
>>> say_my_name("White")
My name is White 

Send None Value as First Name
>>> say_my_name(None, "White")
Traceback (most recent call last):
TypeError: first_name must be a string

Send None Value as Last_name
>>> say_my_name("White", None)
Traceback (most recent call last):
TypeError: last_name must be a string
