The ``5-text_indentation`` module
=========================

Using ``text_indentation``
---------------------

This is a text file to test the 5-text_indentation module.  First import
``text_indentation`` from the ``5-text_indentation`` module:

>>> text_indentation = __import__('5-text_indentation').text_indentation

Now Use with:

Send A Valid Text with ? : and .
>>> text_indentation("Lorem ipsum dolor sit amet, consectetur adipiscing elit. Quonam modo? Utrum igitur tibi litteram videor an totas paginas commovere?")
Loremipsumdolorsitamet,consecteturadipiscingelit.
<BLANKLINE>
Quonammodo?
<BLANKLINE>
Utrumigiturtibilitteramvideorantotaspaginascommovere?
<BLANKLINE>

Send None as text
>>> text_indentation(None)
Traceback (most recent call last):
TypeError: text must be a string

Send invalid text type not string (2):
>>> text_indentation(2)
Traceback (most recent call last):
TypeError: text must be a string

Send Text whithout , ? or :
>>> text_indentation("abcsdefghijklmnop")
abcsdefghijklmnop
